<html>
<body>
	<ul class="unj-list-row">
		<li>
			<a href="/cpopg/show.do?processo.codigo=1H0008CTD0000&processo.foro=53&paginaConsulta=1&cbPesquisa=NUMOAB&dadosConsulta.valorConsulta=472135&cdForo=-1"
				class="linkProcesso">
				1037499-17.2015.8.26.0053
			</a>
		</li>
	</ul>
</body>
</html>
