<html>
<body>
	<ul class="unj-list-row">
		<li>
			<a href="/cpopg/show.do?processo.codigo=1H0006MLR0000&processo.foro=53&paginaConsulta=2&cbPesquisa=NUMOAB&dadosConsulta.valorConsulta=472135&cdForo=-1"
				class="linkProcesso">
				1019126-69.2014.8.26.0053
			</a>
		</li>
	</ul>
</body>
</html>
